Last login: Sat Jun 18 06:40:33 on ttys006
anatomboulian@Anas-MacBook-Pro ~ % pwd
/Users/anatomboulian
anatomboulian@Anas-MacBook-Pro ~ % cd git
anatomboulian@Anas-MacBook-Pro git % git clone https://github.com/tomboolean/bootcamp-PY101-lecture-app.git

Cloning into 'bootcamp-PY101-lecture-app'...
Username for 'https://github.com': tomboolean
Password for 'https://tomboolean@github.com':
remote: Enumerating objects: 79, done.
remote: Counting objects: 100% (79/79), done.
remote: Compressing objects: 100% (31/31), done.
remote: Total 79 (delta 47), reused 79 (delta 47), pack-reused 0
Receiving objects: 100% (79/79), 14.27 KiB | 608.00 KiB/s, done.
Resolving deltas: 100% (47/47), done.
anatomboulian@Anas-MacBook-Pro git % pwd
/Users/anatomboulian/git
anatomboulian@Anas-MacBook-Pro git % cd bootcamp-PY101-lecture-app
anatomboulian@Anas-MacBook-Pro bootcamp-PY101-lecture-app % git checkout 05cf80aacf086c5595b26d53b400c44e4e450243
Note: switching to '05cf80aacf086c5595b26d53b400c44e4e450243'.

You are in 'detached HEAD' state. You can look around, make experimental
changes and commit them, and you can discard any commits you make in this
state without impacting any branches by switching back to a branch.

If you want to create a new branch to retain commits you create, you may
do so (now or later) by using -c with the switch command. Example:

  git switch -c <new-branch-name>

Or undo this operation with:

  git switch -

Turn off this advice by setting config variable advice.detachedHead to false

HEAD is now at 05cf80a Merge branch 'starting-point-with-todos' into 'main'
anatomboulian@Anas-MacBook-Pro bootcamp-PY101-lecture-app % git switch -c start
ing-point
Switched to a new branch 'starting-point'
anatomboulian@Anas-MacBook-Pro bootcamp-PY101-lecture-app % git status
On branch starting-point
nothing to commit, working tree clean
anatomboulian@Anas-MacBook-Pro bootcamp-PY101-lecture-app % python main.py
2015 Jeep Wrangler
anatomboulian@Anas-MacBook-Pro bootcamp-PY101-lecture-app %